// Jest Snapshot v1, https://goo.gl/fbAQLP

exports[`Button should render button correctly 1`] = `
<View
  accessibilityState={
    {
      "busy": undefined,
      "checked": undefined,
      "disabled": undefined,
      "expanded": undefined,
      "selected": undefined,
    }
  }
  accessibilityValue={
    {
      "max": undefined,
      "min": undefined,
      "now": undefined,
      "text": undefined,
    }
  }
  accessible={true}
  collapsable={false}
  focusable={false}
  onClick={[Function]}
  onResponderGrant={[Function]}
  onResponderMove={[Function]}
  onResponderRelease={[Function]}
  onResponderTerminate={[Function]}
  onResponderTerminationRequest={[Function]}
  onStartShouldSetResponder={[Function]}
  style={
    {
      "alignItems": "center",
      "backgroundColor": "#00B37E",
      "borderRadius": 8,
      "justifyContent": "center",
      "opacity": 1,
      "padding": 15,
      "width": "100%",
    }
  }
>
  <Text
    style={
      {
        "color": "#fff",
        "fontSize": 12,
        "fontWeight": "bold",
      }
    }
  >
    Entrar
  </Text>
</View>
`;
